// Vitest Snapshot v1, https://vitest.dev/guide/snapshot.html

exports[`renderPage > should return div>content<div 1`] = `{}`;
